2026-09-17T00:43:56.179499	DEBUG	server/main.go:63	application time zone	{"zone": "Europe/Moscow"}
2026-09-17T00:43:56.179741	DEBUG	server/main.go:66	initializing postgres connection pool
2026-09-17T00:43:56.187443	DEBUG	server/main.go:74	initializing redis client
2026-09-17T00:43:56.190326	DEBUG	server/main.go:151	initializing http server
2026-09-17T00:43:56.190466	WARN	server/server.go:44	start HTTP server	{"addr": ":8080"}
2026-09-17T00:44:01.592155	DEBUG	middleware/common.go:78	>>> incoming HTTP request	{"request_id": "1b7720d9-33aa-4bae-a46a-ae77c5ad92c5", "url": "/api/v1/auth/register", "http_method": "POST", "time": "2026-09-16T21:44:01.592152"}
2026-09-17T00:44:01.662198	DEBUG	middleware/common.go:86	<<< done HTTP request	{"request_id": "1b7720d9-33aa-4bae-a46a-ae77c5ad92c5", "url": "/api/v1/auth/register", "HTTP Response status code": 201, "latency": "70.0435ms"}
2026-09-17T00:44:08.821386	DEBUG	middleware/common.go:78	>>> incoming HTTP request	{"request_id": "66ff475a-037d-46c7-9a03-5d6fd6e6c869", "url": "/api/v1/auth/register", "http_method": "POST", "time": "2026-09-16T21:44:08.821385"}
2026-09-17T00:44:08.884098	DEBUG	middleware/common.go:86	<<< done HTTP request	{"request_id": "66ff475a-037d-46c7-9a03-5d6fd6e6c869", "url": "/api/v1/auth/register", "HTTP Response status code": 201, "latency": "62.711792ms"}
2026-09-17T00:44:08.910470	DEBUG	middleware/common.go:78	>>> incoming HTTP request	{"request_id": "beeba5d2-a29b-47fa-8a60-3356326e7768", "url": "/api/v1/tasks", "http_method": "POST", "time": "2026-09-16T21:44:08.910469"}
2026-09-17T00:44:08.919381	DEBUG	middleware/common.go:86	<<< done HTTP request	{"request_id": "beeba5d2-a29b-47fa-8a60-3356326e7768", "url": "/api/v1/tasks", "HTTP Response status code": 201, "latency": "8.912375ms"}
2026-09-17T00:44:08.947647	DEBUG	middleware/common.go:78	>>> incoming HTTP request	{"request_id": "056c702b-f3c8-438a-bbd3-6999516e9a3d", "url": "/api/v1/tasks/3571bf92-08e6-4a63-86ab-8a5f1a7a09b8", "http_method": "GET", "time": "2026-09-16T21:44:08.947646"}
2026-09-17T00:44:08.949084	DEBUG	middleware/common.go:86	<<< done HTTP request	{"request_id": "056c702b-f3c8-438a-bbd3-6999516e9a3d", "url": "/api/v1/tasks/3571bf92-08e6-4a63-86ab-8a5f1a7a09b8", "HTTP Response status code": 200, "latency": "1.43775ms"}
2026-09-17T00:44:08.955518	DEBUG	middleware/common.go:78	>>> incoming HTTP request	{"request_id": "0794d97d-1490-4f99-8cc4-6283a6aab267", "url": "/api/v1/tasks?completed=false&limit=5", "http_method": "GET", "time": "2026-09-16T21:44:08.955517"}
2026-09-17T00:44:08.956949	DEBUG	middleware/common.go:86	<<< done HTTP request	{"request_id": "0794d97d-1490-4f99-8cc4-6283a6aab267", "url": "/api/v1/tasks?completed=false&limit=5", "HTTP Response status code": 200, "latency": "1.432083ms"}
2026-09-17T00:44:08.962433	DEBUG	middleware/common.go:78	>>> incoming HTTP request	{"request_id": "2e98dc0a-cb2f-45fb-a44a-07109681e23f", "url": "/api/v1/tasks/3571bf92-08e6-4a63-86ab-8a5f1a7a09b8/complete", "http_method": "PATCH", "time": "2026-09-16T21:44:08.962433"}
2026-09-17T00:44:08.965005	DEBUG	middleware/common.go:86	<<< done HTTP request	{"request_id": "2e98dc0a-cb2f-45fb-a44a-07109681e23f", "url": "/api/v1/tasks/3571bf92-08e6-4a63-86ab-8a5f1a7a09b8/complete", "HTTP Response status code": 200, "latency": "2.572125ms"}
2026-09-17T00:44:08.971316	DEBUG	middleware/common.go:78	>>> incoming HTTP request	{"request_id": "815438f0-bcf8-429b-ba9a-041a084e9363", "url": "/api/v1/tasks/3571bf92-08e6-4a63-86ab-8a5f1a7a09b8", "http_method": "PATCH", "time": "2026-09-16T21:44:08.971315"}
2026-09-17T00:44:08.972849	DEBUG	middleware/common.go:86	<<< done HTTP request	{"request_id": "815438f0-bcf8-429b-ba9a-041a084e9363", "url": "/api/v1/tasks/3571bf92-08e6-4a63-86ab-8a5f1a7a09b8", "HTTP Response status code": 200, "latency": "1.533625ms"}
2026-09-17T00:44:08.978547	DEBUG	middleware/common.go:78	>>> incoming HTTP request	{"request_id": "007b5ded-a12f-4540-b6bb-0216841e3882", "url": "/api/v1/events", "http_method": "POST", "time": "2026-09-16T21:44:08.978546"}
2026-09-17T00:44:08.982466	DEBUG	middleware/common.go:86	<<< done HTTP request	{"request_id": "007b5ded-a12f-4540-b6bb-0216841e3882", "url": "/api/v1/events", "HTTP Response status code": 201, "latency": "3.919791ms"}
2026-09-17T00:44:09.006154	DEBUG	middleware/common.go:78	>>> incoming HTTP request	{"request_id": "b16d9ca5-9e6d-47b0-a11e-c2c075ff9ada", "url": "/api/v1/events?date_from=2026-01-01&date_to=2026-12-31", "http_method": "GET", "time": "2026-09-16T21:44:09.006153"}
2026-09-17T00:44:09.007647	DEBUG	middleware/common.go:86	<<< done HTTP request	{"request_id": "b16d9ca5-9e6d-47b0-a11e-c2c075ff9ada", "url": "/api/v1/events?date_from=2026-01-01&date_to=2026-12-31", "HTTP Response status code": 200, "latency": "1.493458ms"}
2026-09-17T00:44:09.013460	DEBUG	middleware/common.go:78	>>> incoming HTTP request	{"request_id": "8c29f7db-3d3d-4188-aa26-a85753355d75", "url": "/api/v1/events/83b5d485-12a2-462f-b78f-230fb449e81a", "http_method": "PATCH", "time": "2026-09-16T21:44:09.013459"}
2026-09-17T00:44:09.017800	DEBUG	middleware/common.go:86	<<< done HTTP request	{"request_id": "8c29f7db-3d3d-4188-aa26-a85753355d75", "url": "/api/v1/events/83b5d485-12a2-462f-b78f-230fb449e81a", "HTTP Response status code": 200, "latency": "4.340208ms"}
2026-09-17T00:44:09.024269	DEBUG	middleware/common.go:78	>>> incoming HTTP request	{"request_id": "402ad728-0be6-4fd3-8cf2-a81deffb2281", "url": "/api/v1/reports/daily?date=2026-09-25", "http_method": "GET", "time": "2026-09-16T21:44:09.024268"}
2026-09-17T00:44:09.026419	DEBUG	middleware/common.go:86	<<< done HTTP request	{"request_id": "402ad728-0be6-4fd3-8cf2-a81deffb2281", "url": "/api/v1/reports/daily?date=2026-09-25", "HTTP Response status code": 200, "latency": "2.1505ms"}
2026-09-17T00:44:09.032102	DEBUG	middleware/common.go:78	>>> incoming HTTP request	{"request_id": "a6f55895-5317-453b-bc4c-3309678786fe", "url": "/api/v1/reports/period?from=2026-09-24&to=2026-09-26", "http_method": "GET", "time": "2026-09-16T21:44:09.032101"}
2026-09-17T00:44:09.033825	DEBUG	middleware/common.go:86	<<< done HTTP request	{"request_id": "a6f55895-5317-453b-bc4c-3309678786fe", "url": "/api/v1/reports/period?from=2026-09-24&to=2026-09-26", "HTTP Response status code": 200, "latency": "1.723708ms"}
2026-09-17T00:44:09.048459	DEBUG	middleware/common.go:78	>>> incoming HTTP request	{"request_id": "80b2ebb7-df33-4153-b860-b944cb304ef6", "url": "/api/v1/reminders/settings", "http_method": "GET", "time": "2026-09-16T21:44:09.048459"}
2026-09-17T00:44:09.048521	DEBUG	middleware/common.go:86	<<< done HTTP request	{"request_id": "80b2ebb7-df33-4153-b860-b944cb304ef6", "url": "/api/v1/reminders/settings", "HTTP Response status code": 200, "latency": "62.292µs"}
2026-09-17T00:44:09.053717	DEBUG	middleware/common.go:78	>>> incoming HTTP request	{"request_id": "b73c25ed-ab6a-465c-8232-9c253818d276", "url": "/api/v1/reminders/settings", "http_method": "PATCH", "time": "2026-09-16T21:44:09.053716"}
2026-09-17T00:44:09.053793	DEBUG	middleware/common.go:86	<<< done HTTP request	{"request_id": "b73c25ed-ab6a-465c-8232-9c253818d276", "url": "/api/v1/reminders/settings", "HTTP Response status code": 200, "latency": "77.042µs"}
2026-09-17T00:44:09.059252	DEBUG	middleware/common.go:78	>>> incoming HTTP request	{"request_id": "24883f6b-68d9-4803-b179-872f34ed647a", "url": "/api/v1/users/me", "http_method": "GET", "time": "2026-09-16T21:44:09.059251"}
2026-09-17T00:44:09.060561	DEBUG	middleware/common.go:86	<<< done HTTP request	{"request_id": "24883f6b-68d9-4803-b179-872f34ed647a", "url": "/api/v1/users/me", "HTTP Response status code": 200, "latency": "1.309333ms"}
2026-09-17T00:44:09.065417	DEBUG	middleware/common.go:78	>>> incoming HTTP request	{"request_id": "ae2bce4f-d786-4298-b631-61584d9c18b2", "url": "/api/v1/auth/register", "http_method": "POST", "time": "2026-09-16T21:44:09.065417"}
2026-09-17T00:44:09.114611	DEBUG	middleware/common.go:86	<<< done HTTP request	{"request_id": "ae2bce4f-d786-4298-b631-61584d9c18b2", "url": "/api/v1/auth/register", "HTTP Response status code": 201, "latency": "49.19225ms"}
2026-09-17T00:44:09.136754	DEBUG	middleware/common.go:78	>>> incoming HTTP request	{"request_id": "6b695b38-29dd-45b1-a2e3-358b560c79b1", "url": "/api/v1/tasks/3571bf92-08e6-4a63-86ab-8a5f1a7a09b8", "http_method": "GET", "time": "2026-09-16T21:44:09.136753"}
2026-09-17T00:44:09.137976	DEBUG	middleware/common.go:86	<<< done HTTP request	{"request_id": "6b695b38-29dd-45b1-a2e3-358b560c79b1", "url": "/api/v1/tasks/3571bf92-08e6-4a63-86ab-8a5f1a7a09b8", "HTTP Response status code": 404, "latency": "1.222834ms"}
2026-09-17T00:44:09.143142	DEBUG	middleware/common.go:78	>>> incoming HTTP request	{"request_id": "a9d87771-9787-4c19-89a9-eae56542cb1b", "url": "/api/v1/tasks/3571bf92-08e6-4a63-86ab-8a5f1a7a09b8", "http_method": "DELETE", "time": "2026-09-16T21:44:09.143142"}
2026-09-17T00:44:09.145666	DEBUG	middleware/common.go:86	<<< done HTTP request	{"request_id": "a9d87771-9787-4c19-89a9-eae56542cb1b", "url": "/api/v1/tasks/3571bf92-08e6-4a63-86ab-8a5f1a7a09b8", "HTTP Response status code": 204, "latency": "2.524ms"}
2026-09-17T00:44:09.150850	DEBUG	middleware/common.go:78	>>> incoming HTTP request	{"request_id": "db388408-1559-4b13-94d6-78cb31cd549c", "url": "/api/v1/events/83b5d485-12a2-462f-b78f-230fb449e81a", "http_method": "DELETE", "time": "2026-09-16T21:44:09.150850"}
2026-09-17T00:44:09.154486	DEBUG	middleware/common.go:86	<<< done HTTP request	{"request_id": "db388408-1559-4b13-94d6-78cb31cd549c", "url": "/api/v1/events/83b5d485-12a2-462f-b78f-230fb449e81a", "HTTP Response status code": 204, "latency": "3.635792ms"}
2026-09-17T00:44:09.159889	DEBUG	middleware/common.go:78	>>> incoming HTTP request	{"request_id": "3e35ac2f-b32a-4a54-9cab-8fc0630a9458", "url": "/api/v1/tasks/bad", "http_method": "GET", "time": "2026-09-16T21:44:09.159888"}
2026-09-17T00:44:09.159934	DEBUG	middleware/common.go:86	<<< done HTTP request	{"request_id": "3e35ac2f-b32a-4a54-9cab-8fc0630a9458", "url": "/api/v1/tasks/bad", "HTTP Response status code": 400, "latency": "45.584µs"}
2026-09-17T00:44:09.165710	DEBUG	middleware/common.go:78	>>> incoming HTTP request	{"request_id": "b381beb7-0889-4d94-942d-04f58dda6786", "url": "/api/v1/auth/refresh", "http_method": "POST", "time": "2026-09-16T21:44:09.165709"}
2026-09-17T00:44:09.167517	DEBUG	middleware/common.go:86	<<< done HTTP request	{"request_id": "b381beb7-0889-4d94-942d-04f58dda6786", "url": "/api/v1/auth/refresh", "HTTP Response status code": 500, "latency": "1.807ms"}
2026-09-17T00:44:15.144292	DEBUG	middleware/common.go:78	>>> incoming HTTP request	{"request_id": "1be971ff-cbe0-441d-900c-0ab78dd8bca7", "url": "/api/v1/auth/refresh", "http_method": "POST", "time": "2026-09-16T21:44:15.144291"}
2026-09-17T00:44:15.145975	DEBUG	middleware/common.go:86	<<< done HTTP request	{"request_id": "1be971ff-cbe0-441d-900c-0ab78dd8bca7", "url": "/api/v1/auth/refresh", "HTTP Response status code": 500, "latency": "1.683709ms"}
