2026-09-17T00:44:42.044459	DEBUG	server/main.go:63	application time zone	{"zone": "Europe/Moscow"}
2026-09-17T00:44:42.044618	DEBUG	server/main.go:66	initializing postgres connection pool
2026-09-17T00:44:42.053102	DEBUG	server/main.go:74	initializing redis client
2026-09-17T00:44:42.060558	DEBUG	server/main.go:151	initializing http server
2026-09-17T00:44:42.060652	WARN	server/server.go:44	start HTTP server	{"addr": ":8080"}
2026-09-17T00:44:46.949089	DEBUG	middleware/common.go:78	>>> incoming HTTP request	{"request_id": "937286b7-cb13-441b-acab-34fed89bfec0", "url": "/api/v1/auth/refresh", "http_method": "POST", "time": "2026-09-16T21:44:46.949088"}
2026-09-17T00:44:46.954421	DEBUG	middleware/common.go:86	<<< done HTTP request	{"request_id": "937286b7-cb13-441b-acab-34fed89bfec0", "url": "/api/v1/auth/refresh", "HTTP Response status code": 401, "latency": "5.333ms"}
2026-09-17T00:44:46.967519	DEBUG	middleware/common.go:78	>>> incoming HTTP request	{"request_id": "2cacaf66-f707-4781-8fd0-0652494b467a", "url": "/api/v1/auth/register", "http_method": "POST", "time": "2026-09-16T21:44:46.967518"}
2026-09-17T00:44:47.035078	DEBUG	middleware/common.go:86	<<< done HTTP request	{"request_id": "2cacaf66-f707-4781-8fd0-0652494b467a", "url": "/api/v1/auth/register", "HTTP Response status code": 201, "latency": "67.558208ms"}
2026-09-17T00:44:47.079805	DEBUG	middleware/common.go:78	>>> incoming HTTP request	{"request_id": "f0d1a0c7-d6a3-437d-98ef-8589af052e8e", "url": "/api/v1/auth/refresh", "http_method": "POST", "time": "2026-09-16T21:44:47.079803"}
2026-09-17T00:44:47.084618	DEBUG	middleware/common.go:86	<<< done HTTP request	{"request_id": "f0d1a0c7-d6a3-437d-98ef-8589af052e8e", "url": "/api/v1/auth/refresh", "HTTP Response status code": 500, "latency": "4.814917ms"}
2026-09-17T00:44:51.591338	DEBUG	middleware/common.go:78	>>> incoming HTTP request	{"request_id": "a2c6f3ab-8114-4437-824f-29e05b09a745", "url": "/api/v1/auth/register", "http_method": "POST", "time": "2026-09-16T21:44:51.591337"}
2026-09-17T00:44:51.652406	DEBUG	middleware/common.go:86	<<< done HTTP request	{"request_id": "a2c6f3ab-8114-4437-824f-29e05b09a745", "url": "/api/v1/auth/register", "HTTP Response status code": 201, "latency": "61.067625ms"}
2026-09-17T00:44:51.682415	DEBUG	middleware/common.go:78	>>> incoming HTTP request	{"request_id": "ca817e31-f64a-4d8e-b313-219341b56990", "url": "/api/v1/auth/refresh", "http_method": "POST", "time": "2026-09-16T21:44:51.682414"}
2026-09-17T00:44:51.685751	DEBUG	middleware/common.go:86	<<< done HTTP request	{"request_id": "ca817e31-f64a-4d8e-b313-219341b56990", "url": "/api/v1/auth/refresh", "HTTP Response status code": 500, "latency": "3.336166ms"}
2026-09-17T00:45:10.591233	DEBUG	middleware/common.go:78	>>> incoming HTTP request	{"request_id": "41004b29-d43e-476f-99c9-8493b7224307", "url": "/api/v1/auth/register", "http_method": "POST", "time": "2026-09-16T21:45:10.591232"}
2026-09-17T00:45:10.653474	DEBUG	middleware/common.go:86	<<< done HTTP request	{"request_id": "41004b29-d43e-476f-99c9-8493b7224307", "url": "/api/v1/auth/register", "HTTP Response status code": 201, "latency": "62.239958ms"}
2026-09-17T00:45:10.744680	DEBUG	middleware/common.go:78	>>> incoming HTTP request	{"request_id": "7449e638-79b2-4e62-af70-a32b6e896bce", "url": "/api/v1/auth/refresh", "http_method": "POST", "time": "2026-09-16T21:45:10.744679"}
2026-09-17T00:45:10.745863	DEBUG	middleware/common.go:86	<<< done HTTP request	{"request_id": "7449e638-79b2-4e62-af70-a32b6e896bce", "url": "/api/v1/auth/refresh", "HTTP Response status code": 500, "latency": "1.183125ms"}
2026-09-17T00:45:31.177545	DEBUG	middleware/common.go:78	>>> incoming HTTP request	{"request_id": "c60b1e27-f4d5-4eb3-a8e1-c873782aac7d", "url": "/api/v1/auth/register", "http_method": "POST", "time": "2026-09-16T21:45:31.177544"}
2026-09-17T00:45:31.229692	DEBUG	middleware/common.go:86	<<< done HTTP request	{"request_id": "c60b1e27-f4d5-4eb3-a8e1-c873782aac7d", "url": "/api/v1/auth/register", "HTTP Response status code": 201, "latency": "52.14675ms"}
2026-09-17T00:45:31.253868	DEBUG	middleware/common.go:78	>>> incoming HTTP request	{"request_id": "dc9d0904-1c4b-4bf4-9c36-241c39d22738", "url": "/api/v1/auth/refresh", "http_method": "POST", "time": "2026-09-16T21:45:31.253867"}
2026-09-17T00:45:31.255573	DEBUG	middleware/common.go:86	<<< done HTTP request	{"request_id": "dc9d0904-1c4b-4bf4-9c36-241c39d22738", "url": "/api/v1/auth/refresh", "HTTP Response status code": 200, "latency": "1.705958ms"}
2026-09-17T00:45:31.261253	DEBUG	middleware/common.go:78	>>> incoming HTTP request	{"request_id": "7860c014-9f85-48dd-9f07-2c3d0e6bdb42", "url": "/api/v1/auth/refresh", "http_method": "POST", "time": "2026-09-16T21:45:31.261252"}
2026-09-17T00:45:31.261686	DEBUG	middleware/common.go:86	<<< done HTTP request	{"request_id": "7860c014-9f85-48dd-9f07-2c3d0e6bdb42", "url": "/api/v1/auth/refresh", "HTTP Response status code": 401, "latency": "434.375µs"}
2026-09-17T00:45:31.268145	DEBUG	middleware/common.go:78	>>> incoming HTTP request	{"request_id": "15882c26-1e5b-496f-b2d4-0f2a7821da05", "url": "/api/v1/auth/refresh", "http_method": "POST", "time": "2026-09-16T21:45:31.268144"}
2026-09-17T00:45:31.268532	DEBUG	middleware/common.go:86	<<< done HTTP request	{"request_id": "15882c26-1e5b-496f-b2d4-0f2a7821da05", "url": "/api/v1/auth/refresh", "HTTP Response status code": 401, "latency": "387.084µs"}
