2026-09-17T00:36:40.389438	DEBUG	server/main.go:63	application time zone	{"zone": "Europe/Moscow"}
2026-09-17T00:36:40.389492	DEBUG	server/main.go:66	initializing postgres connection pool
2026-09-17T00:36:40.396919	DEBUG	server/main.go:74	initializing redis client
2026-09-17T00:36:40.398845	DEBUG	server/main.go:151	initializing http server
2026-09-17T00:36:40.398882	WARN	server/server.go:44	start HTTP server	{"addr": ":8080"}
2026-09-17T00:36:45.313120	DEBUG	middleware/common.go:78	>>> incoming HTTP request	{"request_id": "32f2f467-17cd-45d0-aad1-affe7347e530", "url": "/api/v1/auth/register", "http_method": "POST", "time": "2026-09-16T21:36:45.313118"}
2026-09-17T00:36:45.389556	DEBUG	middleware/common.go:86	<<< done HTTP request	{"request_id": "32f2f467-17cd-45d0-aad1-affe7347e530", "url": "/api/v1/auth/register", "HTTP Response status code": 201, "latency": "76.43575ms"}
2026-09-17T00:36:49.655903	DEBUG	middleware/common.go:78	>>> incoming HTTP request	{"request_id": "4bc257bd-b904-4d5d-a7a8-681d5d313480", "url": "/api/v1/auth/register", "http_method": "POST", "time": "2026-09-16T21:36:49.655902"}
2026-09-17T00:36:49.717992	DEBUG	middleware/common.go:86	<<< done HTTP request	{"request_id": "4bc257bd-b904-4d5d-a7a8-681d5d313480", "url": "/api/v1/auth/register", "HTTP Response status code": 201, "latency": "62.088ms"}
2026-09-17T00:36:49.760789	DEBUG	middleware/common.go:78	>>> incoming HTTP request	{"request_id": "f245aa92-fee3-4e6b-aa7f-bcd7e2ba55a6", "url": "/api/v1/tasks", "http_method": "POST", "time": "2026-09-16T21:36:49.760788"}
2026-09-17T00:36:49.763232	DEBUG	middleware/common.go:86	<<< done HTTP request	{"request_id": "f245aa92-fee3-4e6b-aa7f-bcd7e2ba55a6", "url": "/api/v1/tasks", "HTTP Response status code": 201, "latency": "2.4435ms"}
2026-09-17T00:36:49.770591	DEBUG	middleware/common.go:78	>>> incoming HTTP request	{"request_id": "6bee5d61-c4b4-4e11-9f85-bf4957b7bd92", "url": "/api/v1/tasks", "http_method": "GET", "time": "2026-09-16T21:36:49.770590"}
2026-09-17T00:36:49.773224	DEBUG	middleware/common.go:86	<<< done HTTP request	{"request_id": "6bee5d61-c4b4-4e11-9f85-bf4957b7bd92", "url": "/api/v1/tasks", "HTTP Response status code": 200, "latency": "2.633875ms"}
2026-09-17T00:36:49.779889	DEBUG	middleware/common.go:78	>>> incoming HTTP request	{"request_id": "9fa85380-8bb3-40eb-992d-40c1525b4a17", "url": "/api/v1/events", "http_method": "POST", "time": "2026-09-16T21:36:49.779889"}
2026-09-17T00:36:49.785110	DEBUG	middleware/common.go:86	<<< done HTTP request	{"request_id": "9fa85380-8bb3-40eb-992d-40c1525b4a17", "url": "/api/v1/events", "HTTP Response status code": 201, "latency": "5.220667ms"}
2026-09-17T00:36:49.791608	DEBUG	middleware/common.go:78	>>> incoming HTTP request	{"request_id": "6277083d-c2c1-49bd-a135-ec1c2a3ceff4", "url": "/api/v1/reports/daily", "http_method": "GET", "time": "2026-09-16T21:36:49.791608"}
2026-09-17T00:36:49.793808	DEBUG	middleware/common.go:86	<<< done HTTP request	{"request_id": "6277083d-c2c1-49bd-a135-ec1c2a3ceff4", "url": "/api/v1/reports/daily", "HTTP Response status code": 200, "latency": "2.200459ms"}
2026-09-17T00:36:49.799697	DEBUG	middleware/common.go:78	>>> incoming HTTP request	{"request_id": "73cc0593-f251-4d66-8943-d3ccf52a45fc", "url": "/api/v1/reminders/settings", "http_method": "GET", "time": "2026-09-16T21:36:49.799696"}
2026-09-17T00:36:49.799763	DEBUG	middleware/common.go:86	<<< done HTTP request	{"request_id": "73cc0593-f251-4d66-8943-d3ccf52a45fc", "url": "/api/v1/reminders/settings", "HTTP Response status code": 200, "latency": "66.25µs"}
2026-09-17T00:36:49.806003	DEBUG	middleware/common.go:78	>>> incoming HTTP request	{"request_id": "0db930b2-3095-4a51-9967-6a4999e39d29", "url": "/api/v1/auth/register", "http_method": "POST", "time": "2026-09-16T21:36:49.806002"}
2026-09-17T00:36:49.806639	DEBUG	middleware/common.go:86	<<< done HTTP request	{"request_id": "0db930b2-3095-4a51-9967-6a4999e39d29", "url": "/api/v1/auth/register", "HTTP Response status code": 409, "latency": "636.083µs"}
2026-09-17T00:36:49.812858	DEBUG	middleware/common.go:78	>>> incoming HTTP request	{"request_id": "01f74e92-4b9f-4397-bec5-c780722bf572", "url": "/api/v1/auth/login", "http_method": "POST", "time": "2026-09-16T21:36:49.812857"}
2026-09-17T00:36:49.858128	DEBUG	middleware/common.go:86	<<< done HTTP request	{"request_id": "01f74e92-4b9f-4397-bec5-c780722bf572", "url": "/api/v1/auth/login", "HTTP Response status code": 401, "latency": "45.270083ms"}
2026-09-17T00:36:49.864476	DEBUG	middleware/common.go:78	>>> incoming HTTP request	{"request_id": "85d797e4-f706-48d1-a23e-836e355acf97", "url": "/api/v1/auth/register", "http_method": "POST", "time": "2026-09-16T21:36:49.864475"}
2026-09-17T00:36:49.864525	DEBUG	middleware/common.go:86	<<< done HTTP request	{"request_id": "85d797e4-f706-48d1-a23e-836e355acf97", "url": "/api/v1/auth/register", "HTTP Response status code": 400, "latency": "49.292µs"}
2026-09-17T00:36:49.870124	DEBUG	middleware/common.go:78	>>> incoming HTTP request	{"request_id": "20e17253-7382-48e3-b215-25cc8c79addc", "url": "/api/v1/tasks", "http_method": "POST", "time": "2026-09-16T21:36:49.870123"}
2026-09-17T00:36:49.870185	DEBUG	middleware/common.go:86	<<< done HTTP request	{"request_id": "20e17253-7382-48e3-b215-25cc8c79addc", "url": "/api/v1/tasks", "HTTP Response status code": 400, "latency": "61.917µs"}
