2026-09-17T01:20:20.348202	DEBUG	server/main.go:63	application time zone	{"zone": "Europe/Moscow"}
2026-09-17T01:20:20.348241	DEBUG	server/main.go:66	initializing postgres connection pool
2026-09-17T01:20:20.353137	DEBUG	server/main.go:74	initializing redis client
2026-09-17T01:20:20.354643	DEBUG	server/main.go:151	initializing http server
2026-09-17T01:20:20.354680	WARN	server/server.go:44	start HTTP server	{"addr": ":8080"}
2026-09-17T01:20:26.266147	DEBUG	middleware/common.go:78	>>> incoming HTTP request	{"request_id": "4e1dd5b9-8d77-434f-aa29-f714bec38b66", "url": "/api/v1/auth/register", "http_method": "POST", "time": "2026-09-16T22:20:26.266146"}
2026-09-17T01:20:26.343255	DEBUG	middleware/common.go:86	<<< done HTTP request	{"request_id": "4e1dd5b9-8d77-434f-aa29-f714bec38b66", "url": "/api/v1/auth/register", "HTTP Response status code": 201, "latency": "77.107208ms"}
2026-09-17T01:20:32.214769	DEBUG	middleware/common.go:78	>>> incoming HTTP request	{"request_id": "ecc17472-b1f6-4e69-a92e-3d9bfb325f19", "url": "/api/v1/auth/register", "http_method": "POST", "time": "2026-09-16T22:20:32.214769"}
2026-09-17T01:20:32.282198	DEBUG	middleware/common.go:86	<<< done HTTP request	{"request_id": "ecc17472-b1f6-4e69-a92e-3d9bfb325f19", "url": "/api/v1/auth/register", "HTTP Response status code": 201, "latency": "67.4275ms"}
2026-09-17T01:20:32.342271	DEBUG	middleware/common.go:78	>>> incoming HTTP request	{"request_id": "16276f2d-6223-4e17-85d1-973f66b77f3d", "url": "/api/v1/users/me", "http_method": "GET", "time": "2026-09-16T22:20:32.342270"}
2026-09-17T01:20:32.343392	DEBUG	middleware/common.go:86	<<< done HTTP request	{"request_id": "16276f2d-6223-4e17-85d1-973f66b77f3d", "url": "/api/v1/users/me", "HTTP Response status code": 200, "latency": "1.120833ms"}
2026-09-17T01:20:32.349281	DEBUG	middleware/common.go:78	>>> incoming HTTP request	{"request_id": "55265142-3b94-4943-b818-15cdf458810f", "url": "/api/v1/tasks", "http_method": "POST", "time": "2026-09-16T22:20:32.349280"}
2026-09-17T01:20:32.350772	DEBUG	middleware/common.go:86	<<< done HTTP request	{"request_id": "55265142-3b94-4943-b818-15cdf458810f", "url": "/api/v1/tasks", "HTTP Response status code": 201, "latency": "1.49075ms"}
2026-09-17T01:20:32.372728	DEBUG	middleware/common.go:78	>>> incoming HTTP request	{"request_id": "8bd108e1-9f30-4355-9840-4222871973e5", "url": "/api/v1/tasks?completed=false&limit=5", "http_method": "GET", "time": "2026-09-16T22:20:32.372727"}
2026-09-17T01:20:32.376177	DEBUG	middleware/common.go:86	<<< done HTTP request	{"request_id": "8bd108e1-9f30-4355-9840-4222871973e5", "url": "/api/v1/tasks?completed=false&limit=5", "HTTP Response status code": 200, "latency": "3.449666ms"}
2026-09-17T01:20:32.382088	DEBUG	middleware/common.go:78	>>> incoming HTTP request	{"request_id": "3be1f1c6-b078-448e-b14c-9bf3260638bb", "url": "/api/v1/tasks/71a814d9-f84d-40a1-9a28-702d0016875d/complete", "http_method": "PATCH", "time": "2026-09-16T22:20:32.382088"}
2026-09-17T01:20:32.386004	DEBUG	middleware/common.go:86	<<< done HTTP request	{"request_id": "3be1f1c6-b078-448e-b14c-9bf3260638bb", "url": "/api/v1/tasks/71a814d9-f84d-40a1-9a28-702d0016875d/complete", "HTTP Response status code": 200, "latency": "3.916333ms"}
2026-09-17T01:20:32.391905	DEBUG	middleware/common.go:78	>>> incoming HTTP request	{"request_id": "4d31bc1d-fd59-4566-bb1d-452264928f7b", "url": "/api/v1/events", "http_method": "POST", "time": "2026-09-16T22:20:32.391905"}
2026-09-17T01:20:32.398810	DEBUG	middleware/common.go:86	<<< done HTTP request	{"request_id": "4d31bc1d-fd59-4566-bb1d-452264928f7b", "url": "/api/v1/events", "HTTP Response status code": 201, "latency": "6.904958ms"}
2026-09-17T01:20:32.420700	DEBUG	middleware/common.go:78	>>> incoming HTTP request	{"request_id": "76329c1b-a20e-4f9b-a57b-196257f88ca0", "url": "/api/v1/events?date_from=2026-01-01T00:00:00Z&date_to=2026-12-31T00:00:00Z", "http_method": "GET", "time": "2026-09-16T22:20:32.420699"}
2026-09-17T01:20:32.421927	DEBUG	middleware/common.go:86	<<< done HTTP request	{"request_id": "76329c1b-a20e-4f9b-a57b-196257f88ca0", "url": "/api/v1/events?date_from=2026-01-01T00:00:00Z&date_to=2026-12-31T00:00:00Z", "HTTP Response status code": 200, "latency": "1.227709ms"}
2026-09-17T01:20:32.428006	DEBUG	middleware/common.go:78	>>> incoming HTTP request	{"request_id": "359a9ff7-429c-4e88-b92a-8e5f3f9caf71", "url": "/api/v1/reports/daily?date=2026-09-25", "http_method": "GET", "time": "2026-09-16T22:20:32.428005"}
2026-09-17T01:20:32.430660	DEBUG	middleware/common.go:86	<<< done HTTP request	{"request_id": "359a9ff7-429c-4e88-b92a-8e5f3f9caf71", "url": "/api/v1/reports/daily?date=2026-09-25", "HTTP Response status code": 200, "latency": "2.65475ms"}
2026-09-17T01:20:32.436648	DEBUG	middleware/common.go:78	>>> incoming HTTP request	{"request_id": "612222c1-4a8e-4efa-91cb-f7a5bf02183e", "url": "/api/v1/reports/period?from=2026-09-24&to=2026-09-26", "http_method": "GET", "time": "2026-09-16T22:20:32.436648"}
2026-09-17T01:20:32.440729	DEBUG	middleware/common.go:86	<<< done HTTP request	{"request_id": "612222c1-4a8e-4efa-91cb-f7a5bf02183e", "url": "/api/v1/reports/period?from=2026-09-24&to=2026-09-26", "HTTP Response status code": 200, "latency": "4.081083ms"}
2026-09-17T01:20:32.446151	DEBUG	middleware/common.go:78	>>> incoming HTTP request	{"request_id": "9c343fa1-0cb5-42d7-835d-4bc7d905652c", "url": "/api/v1/reminders/settings", "http_method": "GET", "time": "2026-09-16T22:20:32.446151"}
2026-09-17T01:20:32.446197	DEBUG	middleware/common.go:86	<<< done HTTP request	{"request_id": "9c343fa1-0cb5-42d7-835d-4bc7d905652c", "url": "/api/v1/reminders/settings", "HTTP Response status code": 200, "latency": "45.833µs"}
2026-09-17T01:20:32.451509	DEBUG	middleware/common.go:78	>>> incoming HTTP request	{"request_id": "e091cbcf-8d97-4618-bbf0-6f58e8e8859d", "url": "/api/v1/reminders/settings", "http_method": "PATCH", "time": "2026-09-16T22:20:32.451508"}
2026-09-17T01:20:32.451559	DEBUG	middleware/common.go:86	<<< done HTTP request	{"request_id": "e091cbcf-8d97-4618-bbf0-6f58e8e8859d", "url": "/api/v1/reminders/settings", "HTTP Response status code": 200, "latency": "51.334µs"}
2026-09-17T01:20:32.457135	DEBUG	middleware/common.go:78	>>> incoming HTTP request	{"request_id": "fe877645-6f07-4f5a-92e2-4df97d8608ad", "url": "/api/v1/users/me", "http_method": "PATCH", "time": "2026-09-16T22:20:32.457134"}
2026-09-17T01:20:32.460503	DEBUG	middleware/common.go:86	<<< done HTTP request	{"request_id": "fe877645-6f07-4f5a-92e2-4df97d8608ad", "url": "/api/v1/users/me", "HTTP Response status code": 200, "latency": "3.36825ms"}
2026-09-17T01:20:32.466207	DEBUG	middleware/common.go:78	>>> incoming HTTP request	{"request_id": "bb04482e-4b66-4dda-b09c-8c297d5a670a", "url": "/api/v1/auth/refresh", "http_method": "POST", "time": "2026-09-16T22:20:32.466207"}
2026-09-17T01:20:32.471145	DEBUG	middleware/common.go:86	<<< done HTTP request	{"request_id": "bb04482e-4b66-4dda-b09c-8c297d5a670a", "url": "/api/v1/auth/refresh", "HTTP Response status code": 200, "latency": "4.938ms"}
2026-09-17T01:20:32.476712	DEBUG	middleware/common.go:78	>>> incoming HTTP request	{"request_id": "3fd777b6-8fe3-4347-b6d1-06dc78f2591e", "url": "/api/v1/tasks/71a814d9-f84d-40a1-9a28-702d0016875d", "http_method": "DELETE", "time": "2026-09-16T22:20:32.476711"}
2026-09-17T01:20:32.479673	DEBUG	middleware/common.go:86	<<< done HTTP request	{"request_id": "3fd777b6-8fe3-4347-b6d1-06dc78f2591e", "url": "/api/v1/tasks/71a814d9-f84d-40a1-9a28-702d0016875d", "HTTP Response status code": 204, "latency": "2.960917ms"}
2026-09-17T01:20:32.484661	DEBUG	middleware/common.go:78	>>> incoming HTTP request	{"request_id": "098a27c8-2894-43ae-bcf9-5a58e23737c7", "url": "/api/v1/events/ce64acaa-05bb-410e-aa45-09a24126a0e4", "http_method": "DELETE", "time": "2026-09-16T22:20:32.484660"}
2026-09-17T01:20:32.489311	DEBUG	middleware/common.go:86	<<< done HTTP request	{"request_id": "098a27c8-2894-43ae-bcf9-5a58e23737c7", "url": "/api/v1/events/ce64acaa-05bb-410e-aa45-09a24126a0e4", "HTTP Response status code": 204, "latency": "4.650666ms"}
2026-09-17T01:31:12.376740	DEBUG	middleware/common.go:78	>>> incoming HTTP request	{"request_id": "23709f6d-1474-4baf-9fa8-3e7d8864c709", "url": "/api/v1/users/me", "http_method": "GET", "time": "2026-09-16T22:31:12.376739"}
2026-09-17T01:31:12.376856	WARN	response/handler.go:65	invalid access token	{"request_id": "23709f6d-1474-4baf-9fa8-3e7d8864c709", "url": "/api/v1/users/me", "error": "unauthorized"}
2026-09-17T01:31:12.376883	DEBUG	middleware/common.go:86	<<< done HTTP request	{"request_id": "23709f6d-1474-4baf-9fa8-3e7d8864c709", "url": "/api/v1/users/me", "HTTP Response status code": 401, "latency": "143.791µs"}
2026-09-17T01:31:18.126470	DEBUG	middleware/common.go:78	>>> incoming HTTP request	{"request_id": "6b23a32b-47c7-4f40-aa13-4241457d5b79", "url": "/api/v1/auth/register", "http_method": "POST", "time": "2026-09-16T22:31:18.126468"}
2026-09-17T01:31:18.195925	DEBUG	middleware/common.go:86	<<< done HTTP request	{"request_id": "6b23a32b-47c7-4f40-aa13-4241457d5b79", "url": "/api/v1/auth/register", "HTTP Response status code": 201, "latency": "69.45425ms"}
2026-09-17T01:31:18.238011	DEBUG	middleware/common.go:78	>>> incoming HTTP request	{"request_id": "cb1f01e6-b473-43b1-b6e7-decab287ce47", "url": "/api/v1/auth/login", "http_method": "POST", "time": "2026-09-16T22:31:18.238011"}
2026-09-17T01:31:18.238080	DEBUG	middleware/common.go:86	<<< done HTTP request	{"request_id": "cb1f01e6-b473-43b1-b6e7-decab287ce47", "url": "/api/v1/auth/login", "HTTP Response status code": 400, "latency": "69.417µs"}
2026-09-17T01:31:18.243729	DEBUG	middleware/common.go:78	>>> incoming HTTP request	{"request_id": "63f7c8d5-d743-4762-867a-f623aa5e5e71", "url": "/api/v1/auth/login", "http_method": "POST", "time": "2026-09-16T22:31:18.243728"}
2026-09-17T01:31:18.291509	DEBUG	middleware/common.go:86	<<< done HTTP request	{"request_id": "63f7c8d5-d743-4762-867a-f623aa5e5e71", "url": "/api/v1/auth/login", "HTTP Response status code": 200, "latency": "47.77925ms"}
2026-09-17T01:31:18.297726	DEBUG	middleware/common.go:78	>>> incoming HTTP request	{"request_id": "0c865b18-79ff-48f0-ac93-c59af1625d2a", "url": "/api/v1/auth/login", "http_method": "POST", "time": "2026-09-16T22:31:18.297726"}
2026-09-17T01:31:18.297779	DEBUG	middleware/common.go:86	<<< done HTTP request	{"request_id": "0c865b18-79ff-48f0-ac93-c59af1625d2a", "url": "/api/v1/auth/login", "HTTP Response status code": 400, "latency": "53.208µs"}
2026-09-17T01:31:18.303268	DEBUG	middleware/common.go:78	>>> incoming HTTP request	{"request_id": "b2f5844a-8322-4c2a-be7d-ad6028e74734", "url": "/api/v1/tasks", "http_method": "POST", "time": "2026-09-16T22:31:18.303267"}
2026-09-17T01:31:18.304865	DEBUG	middleware/common.go:86	<<< done HTTP request	{"request_id": "b2f5844a-8322-4c2a-be7d-ad6028e74734", "url": "/api/v1/tasks", "HTTP Response status code": 201, "latency": "1.597125ms"}
2026-09-17T01:31:18.318921	DEBUG	middleware/common.go:78	>>> incoming HTTP request	{"request_id": "47cc81b5-ea05-4a31-9e58-963d4f0dd6e9", "url": "/api/v1/tasks/2b2fa6d2-e754-4ad0-898d-a5f9d65c9af0/complete", "http_method": "PATCH", "time": "2026-09-16T22:31:18.318920"}
2026-09-17T01:31:18.320422	DEBUG	middleware/common.go:86	<<< done HTTP request	{"request_id": "47cc81b5-ea05-4a31-9e58-963d4f0dd6e9", "url": "/api/v1/tasks/2b2fa6d2-e754-4ad0-898d-a5f9d65c9af0/complete", "HTTP Response status code": 200, "latency": "1.501667ms"}
2026-09-17T01:31:18.326791	DEBUG	middleware/common.go:78	>>> incoming HTTP request	{"request_id": "cc5b57b3-d401-478d-90b0-a4a87171413d", "url": "/api/v1/tasks/2b2fa6d2-e754-4ad0-898d-a5f9d65c9af0", "http_method": "PATCH", "time": "2026-09-16T22:31:18.326790"}
2026-09-17T01:31:18.328166	DEBUG	middleware/common.go:86	<<< done HTTP request	{"request_id": "cc5b57b3-d401-478d-90b0-a4a87171413d", "url": "/api/v1/tasks/2b2fa6d2-e754-4ad0-898d-a5f9d65c9af0", "HTTP Response status code": 200, "latency": "1.374416ms"}
2026-09-17T01:31:18.343183	DEBUG	middleware/common.go:78	>>> incoming HTTP request	{"request_id": "b9161bd2-024e-422c-87ed-ffddfa0f745c", "url": "/api/v1/reports/daily?date=2026-09-16", "http_method": "GET", "time": "2026-09-16T22:31:18.343182"}
2026-09-17T01:31:18.344126	DEBUG	middleware/common.go:86	<<< done HTTP request	{"request_id": "b9161bd2-024e-422c-87ed-ffddfa0f745c", "url": "/api/v1/reports/daily?date=2026-09-16", "HTTP Response status code": 200, "latency": "943.375µs"}
2026-09-17T01:31:18.349718	DEBUG	middleware/common.go:78	>>> incoming HTTP request	{"request_id": "8e27c52c-645d-4344-914a-2890ab45ef17", "url": "/api/v1/events?date_from=2026-09-01T00:00:00Z&date_to=2026-09-30T00:00:00Z", "http_method": "GET", "time": "2026-09-16T22:31:18.349717"}
2026-09-17T01:31:18.350496	DEBUG	middleware/common.go:86	<<< done HTTP request	{"request_id": "8e27c52c-645d-4344-914a-2890ab45ef17", "url": "/api/v1/events?date_from=2026-09-01T00:00:00Z&date_to=2026-09-30T00:00:00Z", "HTTP Response status code": 200, "latency": "778.458µs"}
2026-09-17T01:31:18.355422	DEBUG	middleware/common.go:78	>>> incoming HTTP request	{"request_id": "5a38e2e2-68e6-4f9b-b89d-79744ca6006c", "url": "/api/v1/tasks/2b2fa6d2-e754-4ad0-898d-a5f9d65c9af0", "http_method": "DELETE", "time": "2026-09-16T22:31:18.355422"}
2026-09-17T01:31:18.356410	DEBUG	middleware/common.go:86	<<< done HTTP request	{"request_id": "5a38e2e2-68e6-4f9b-b89d-79744ca6006c", "url": "/api/v1/tasks/2b2fa6d2-e754-4ad0-898d-a5f9d65c9af0", "HTTP Response status code": 204, "latency": "987.625µs"}
2026-09-17T01:31:35.015204	DEBUG	service/reminders.go:148	reminders worker stopped
2026-09-17T01:31:35.015226	WARN	server/server.go:58	shutdown HTTP server
2026-09-17T01:31:35.015262	DEBUG	service/cleanup.go:18	jwt cleanup worker stopped
2026-09-17T01:31:35.015442	WARN	server/server.go:72	HTTP server stopped
2026-09-17T01:31:35.015466	DEBUG	server/main.go:172	shutdown complete
